sleepy: |-
  (if (eq 1 1) 
    (if (eq 1 1) 1 1) 
    (if (eq 1 1) 1 1))

tafka: |-
  main:
    %0: int = load $1: int
    %1: int = load $1: int
    %2: bool = eq %0: int, %1: int
    if %2: bool then 0 else 1 next 2
  0:
    %3: int = load $1: int
    %4: int = load $1: int
    %5: bool = eq %3: int, %4: int
    if %5: bool then 3 else 4 next 5
  3:
    %6: int = load $1: int
    goto 5
  4:
    %7: int = load $1: int
    %6: int = copy %7: int
    goto 5
  5:
    goto 2
  1:
    %8: int = load $1: int
    %9: int = load $1: int
    %10: bool = eq %8: int, %9: int
    if %10: bool then 6 else 7 next 8
  6:
    %11: int = load $1: int
    goto 8
  7:
    %12: int = load $1: int
    %11: int = copy %12: int
    goto 8
  8:
    %6: int = copy %11: int
    goto 2
  2:
    return %6: int

asmik-virt: |-
  memory stack
  0000: 1
  memory instr
  0000: addim v0, ze, 0
  0004: load v0, v0
  0008: addim v1, ze, 0
  0012: load v1, v1
  0016: slti v2, v0, v1
  0020: slti v3, v1, v0
  0024: orb v2, v2, v3
  0028: addim v4, ze, 18446744073709551615
  0032: xorb v2, v2, v4
  0036: addim v5, ze, 132
  0040: brn v2, v5
  0044: addim v6, ze, 0
  0048: load v6, v6
  0052: addim v7, ze, 0
  0056: load v7, v7
  0060: slti v8, v6, v7
  0064: slti v9, v7, v6
  0068: orb v8, v8, v9
  0072: addim v10, ze, 18446744073709551615
  0076: xorb v8, v8, v10
  0080: addim v11, ze, 104
  0084: brn v8, v11
  0088: addim v12, ze, 0
  0092: load v12, v12
  0096: addim v13, ze, 124
  0100: brn ze, v13
  0104: addim v14, ze, 0
  0108: load v14, v14
  0112: addim v12, v14, 0
  0116: addim v15, ze, 124
  0120: brn ze, v15
  0124: addim v16, ze, 224
  0128: brn ze, v16
  0132: addim v17, ze, 0
  0136: load v17, v17
  0140: addim v18, ze, 0
  0144: load v18, v18
  0148: slti v19, v17, v18
  0152: slti v20, v18, v17
  0156: orb v19, v19, v20
  0160: addim v21, ze, 18446744073709551615
  0164: xorb v19, v19, v21
  0168: addim v22, ze, 192
  0172: brn v19, v22
  0176: addim v23, ze, 0
  0180: load v23, v23
  0184: addim v24, ze, 212
  0188: brn ze, v24
  0192: addim v25, ze, 0
  0196: load v25, v25
  0200: addim v23, v25, 0
  0204: addim v26, ze, 212
  0208: brn ze, v26
  0212: addim v12, v23, 0
  0216: addim v27, ze, 224
  0220: brn ze, v27
  0224: addim a1, v12, 0
  0228: brn ze, ra
