sleepy: |-
  (def qsum (lambda (a int b int)
    (sum (mul a a) (mul b b))))
  (qsum 1 2)

tafka: |-
  procedure 0(var(0): int, var(1): int) -> int
  label(0):
    var(2): int = mul(var(0): int, var(0): int): int
    var(3): int = mul(var(1): int, var(1): int): int
    var(4): int = sum(var(2): int, var(3): int): int
    return var(4): int

  label(main):
    var(5): (int, int) -> int = load(const(0): (int, int) -> int): (int, int) -> int
    var(6): int = load(const(1): int): int
    var(7): int = load(const(2): int): int
    var(8): int = invoke(var(5): (int, int) -> int)(var(6): int, var(7): int): int
    return var(8): int

asmik-virt: TODO
