sleepy: |-
  (def a 1)
  (def iszero (eq a 0))
  (def b iszero)
  (def b (if b 2 3))
  (eq b b)

tafka: |-
  label(main):
  var(0): int = load(const(1): int): int
  var(1): int = load(const(0): int): int
  var(2): bool = eq(var(0): int, var(1): int): bool
  if var(2): bool then label(0) else label(1) end label(2)
  label(0):
    var(3): int = load(const(2): int): int
    goto label(2)
  label(1):
    var(4): int = load(const(3): int): int
    var(3): int = copy(var(4): int): int
    goto label(2)
  label(2):
  var(5): bool = eq(var(3): int, var(3): int): bool

  var(6): int = load(const(0): int): int
  return var(6): int

asmik-virt: TODO
